[    0.000000] Linux versio 4.5.-58-geeric (buildd@lcy01-amd64-013) (gcc version 7.4.0 (Ubuntu 7..4.0-1ubuntu1~18.04.1)) #64-Ubuntu SMP Tue Aug 6 11:12:41 UTC 2019 (Ubuntu 4.15.0-58.64-generic 4.15.18)
[    0.000000] Command line: BOOT_IMAGE=/boot/vmlinuz-4.15.0-58-generic root=UUID=a5eb06e2-8eb1-4232-8570-2cc927993946 ro console=tty1 console=ttyS0
[    0.000000] KERNEL supported cpus:
[    0.000000]   Intel GenuneIntel
[    0.000000   AMD AuthntcAMD
[    0.000000]   Centaur CentaurHauls
[    0.000000] x86/fpu: SupportingXSVE fetue 0x001: 'x7 loating pnt registers'
[    0.000000] x86/fpu: Supporting XSAVE feature 0x002: 'SSE registers'
[    0.000000] x86/fpu: Supporting XSAVE feature 0x004: 'AVX registers'
[    0.000000] x86/fpu: xstate_offset[2]:  576, stte_sizes[2:  256
[    0.000000] x8/fpu: Enabled xstate features 0x7, context size is 832 bytes, using 'standard' format.
[    0.000000] e820: BIOS-provided hysical RAM map:
[    0.000000] BIOS-e820: [mem 0x0000000000000000-000000000009fbff] usable
[    0.000000] BIOS-e820: [mem 0x000000000009fc00-0x000000000009ffff] reserved
[    0.000000] BIOS-e820: [mem 0x00000000000f0000-0x00000000000fffff] reserved
[    0.000000] BIOS-e820: [mem 0x0000000000100000-0x000000003ffeffff] usable
[    0.000000] BIOS-e820: [mem 0x000000003fff0000-0x000000003fffffff] ACPI data
[    0.000000]BIOS-e820: [mem x0000000fec00000-0x00000000fe00fff] reserved
[    0.000000] BIOS-e820: [mem 0x00000000fee00000-0x00000000fee00fff] reserved
[    0.000000] BOS-e820: [mem 0x00000000fffc0000-0x00000000ffffffff] reserved
[    0.000000] NX (Execute Disable) protection: active
[    0.000000] SMBIOS 2.5 present.
[    0.000000] DMI: nnotek mb VirtualBox/VirtualBo, BIOS VirtualBox 12/01/2006
[    0.000000] Hypvisordetected: KVM
[    0.000000] e820: lat_pfn = 0x3fff0 max_arch_pfn = 0x400000000
[    0.000000 MMTRR: Disabled
    0.0000] x86/PAT: MTRRsissabled, skipping PATinitialition to.
[    .00000] CP MTRRs allblank- irtualiz system.
[    0.00000 x86/PAT: Configuration 0-]: WB  WT  C- UC  WB  WT  UC- U  
    0.0000] found SMP -table at [mem 0x0009fff0-0x0009fff] mapedat [      (ptrval)]
[    0.0000] Scanning 1 areas for low memory corruption
[    0.000000] RAMDISK: [mem 0x35983000-0x36cb8fff]
[    0.000000] ACPI Eary table chksum verifcaion diabed
[   .000000] ACPI: RSDP0x0000000000000 00002(v02 VBOX  )
[    0.000000] ACPI:SDT 0x0000003FFF0030 00003C (v01 VBOX   VBOXSD 0000000ASL  00000061)[     0.00000] ACPI FCP 0x0000003FFF00F0 000F (v04 VBOX   VXFACP 00000001 ASL 0000061)
[    0.000000] ACP DSDT 0x000000003FFF0470 0021FF (v02 VBOX   VBOXBIOS 00000002 INTL 20100528)
[    0.000000] ACPI: FACS 0x000000003FFFF020 000040
[    0.00000] ACI:FACS 0x000000003F0200 000040
[   0000000 API: APIC 0x000000003FFF020 00005C (v02 VBOX   VBOXAPIC 00000001 ASL  0000061)
[    0.000000] ACPI: SSDT0x00000003FFF02A0 001CC (v01 VBOX   VBOXCPUT 00000002 INTL 20100528)
[    0.000000] No NUMA configuration found
[    0.000000] Faking a node at [mem 0x0000000000000000-0x000000003ffeffff]
[    0.000000] NODE_DATA(0) allocated [mem 0x3ffc5000-0x3ffeffff]
[    0.000000] kvm-clock: cpu 0, msr 0:3ff44001, rimary cpu clock
[    0.000000] kvm-clock: Using msrs 4b564d01 and 4b564d00
[    0.000000] kvm-clock: using sched offset of 4665567164 cycles
[    0.000000] clocksource: kvm-clock: mask: 0xffffffffffffffff max_cycles: 0x1cd42e4dffb, max_idle_ns: 881590591483 ns
[    0.000000] Zone anges:
[    0.000000]   DMA      [mem 0x0000000000001000-0x000000000ffff]
[   .000000]   DMA32    [mem 0x00000000100000-0x000000003ffeffff]
[    0.000000]   Normal   empty
[    0.000000]   Device   empty
[   0.000000] Movable zne start for each node
[    0.000000] Early memory node ranges
[    0.000000   node   0: [mem 0x0000000000001000-0x00000000009efff]
[    0.000000]   node   0: [mem0x0000000000100000-0x000000003ffeffff]
[    0.00000] Reserved but navaiable: 98 pages[    0.000000] Initme setup node 0 [mm x0000000000001000-0x000000003ffeffff]
[    0.000000] CPI: PM-Timer IO Port: 0x4008
[    0.0000] IOAPIC[0]: apic_id 2, version 32, address 0xfec00000, GSI 0-23
[    0.000000] ACPI: INT_SRC_OR (bus 0 bus_irq 0 global_irq 2 dfl dfl)
[    0.000000] ACPI: INT_SRC_OVR (bus 0 bus_irq 9 global_irq 9 low level)
[    0.000000] UsingACP (MADT) forMP configuration informaton
[    0.00000 smpboot: Allowing 2 CPUs, 0 hotplug CPUs
[    0.000000] PM: Registered nosave memory: [mem 0x00000000-0x00000fff]
[    0.000000] PM: Registerednosave memory: [mem 0x0009f000-0x0009ffff]
[    0.000000] PM: Registered nosave memory: [mem 0x000a0000-0x00effff]
[    0.000000] PM: Registere nsave memory: [mem 0x000f0000-0x000fffff]
[    0.000000] e820: [mem 0x40000000-0xfebfffff] available for PCIdeices
[    0.000000] Booting paravirtualized kernel on KVM
[    0.000000] clocksource: refined-jiffies: mask: 0xffffffff max_cycles: 0xffffffff, max_idle_ns: 7645519600211568 ns
[    0.000000 random: get_random_bytes called from start_kernel+0x99/0x4fd with crng_init=0
[    0.000000] setup_percpu: NR_CPUS:8192 nr_cpumask_bits:2 nr_cpu_ids:2 nr_node_ids:1
[    0.000000] percpu: Embedded 46 pages/cpu @        (ptrval) s151552 r8192 d28672 u1048576
[    0.000000] PV qspinlock hash table entries: 256 (order: 0, 4096 bytes)
[    0.000000] Built 1 zonelists, mobility grouping on.  Total pages: 257913
[    0.000000] Policy zone: DMA32
[    0.000000] Kernel command line: BOOT_IMAGE=/boot/vmlinuz-4.15.0-58-generic root=UUID=a5eb06e2-8eb1-4232-8570-2cc927993946 ro console=tty1 console=ttyS0
[    0.000000] Memory: 982924K/1048120K available (12300K kernel code, 2478K rwdata, 4280K rodata, 2424K init, 2384K bss, 65196K reserved, 0K cma-reserved)
[    0.000000] SLUB: HWalign=64, Order=0-3, MinObjects=0, CPUs=2, Nodes=1
[   .00000 Kernel/User page tables isolation: enabled
[    0.000000] ftrace: allocating 39243 entries in 154 pages
[    0.004000] Hierarchical RCU implementation.
[    0.004000] 	RCU restricting CPUs from NR_CPUS=8192 to nr_cpu_ids=2.
[    0.004000] 	Tasks RCU enabled.
[    0.004000] RCU: Adjusting geometry for rc_fanutleaf=16, nr_cpu_ids=2
[    0.004000] NR_IRQS: 524544, nr_irqs: 440, preallocated irqs: 16
[    0.004000] Console: colour VGA+ 80x25
[    0.004000] console [t1]  enale
[    0.004000] console [ttyS0enabled
[   .004000] API Core revison 2017083
[    0.004000] ACPI: 2 AI AML tablesuccessfully acquired and loaded
[    0.004000]APIC: Swtch to symmetric I/O mode setup
[    0.004361] x2apic enabled
[    0.008006] Switched APIC routing to physical x2apic.
[    0.010968] ..TIMER: vector=0x30 apic1=0 pin1=2 apic2=-1 pin2=-1
[    0.012010] tsc: Detected 1899.999 MHz processor
[    0.016020] Calibrating delay loop (skipped) preset value.. 3799.99 BogoMIPS (lpj=7599996)
[    0.020010] pid_max: default: 32768 minimum: 301
[    0.024051] Security Framework initialized
[    0.028009] Yama: becoming mindful.
[    0.032048] AppArmor: AppArmor initialized
[    0.036120] Dentry cache hash table entries: 131072 (order: 8, 1048576 bytes)
[    0.040248] Inode-cache hash table entries: 65536 (order: 7, 524288 bytes)
[    0.044035] Mount-cache hash table entries: 2048 (order: 2, 16384 bytes)
[    0.048026] Mountpoint-cache hash table entries: 2048 (order: 2, 16384 bytes)
[    0.052355] mce: CPU supports 0 MCE banks
[    0.056038] Last level iTLB entries: 4KB 1024, 2MB 1024, 4MB 1024
[    0.060012] Last level dTLB entries: 4KB 1024, 2MB 1024, 4MB 1024, 1GB 4
[    0.064012] Spectre V1 : Mitigation: usercopy/swapgs barriers and __user pointer sanitization
[    0.068013] Spectre V2 : Mitigation: Full generic retpoline
[    0.072009] Spectre V2 : Spectre v2 / SpectreRSB mitigation: Filling RSB on context switch
[    0.076008] Speculative Store Bypass: Vulnerable
[    0.080146] MDS: Vulnerable: Clear CPU buffers attempted, no microcode
[    0.084130] Freeing SMP alternatives memory: 36K
[    0.092000] smpboot: CPU0: Intel(R) Core(TM) i5-4250U CPU @ 1.30GHz (family: 0x6, model: 0x45, stepping: 0x1)
[    0.092110] Performance Events: unsupported p6 CPU model 69 no PMU driver, software events only.
[    0.096123] Hierarchical SRCU implementation.
[    0.100694] NMI watchdog: Perf event create on CPU 0 failed with -2
[    0.104003] NMI watchdog: Perf NMI watchdog permanently disabled
[    0.108090] smp: Bringing up secondary CPUs ...
[    0.112260] x86: Booting SMP configuration:
[    0.116014] .... node  #0, CPUs:      #1
[    0.004000] kvm-clock: cpu 1, msr 0:3ff44041, secondary cpu clock
[    0.004000] mce: CPU supports 0 MCE banks
[    0.180034] smp: Brought up 1 node, 2 CPUs
[    0.184012] smpboot: Max logical packages: 1
[    0.185536] smpboot: Total of 2 processors activated (7599.99 BogoMIPS)
[    0.188216] devtmpfs: initialized
[    0.192069] x86/mm: Memory block size: 128MB
[    0.193746] evm: security.selinux
[    0.196004] evm: security.SMACK64
[    0.200005] evm: security.SMACK64EXEC
[    0.204004] evm: security.SMACK64TRANSMUTE
[    0.208007] evm: security.SMACK64MMAP
[    0.212004] evm: security.apparmor
[    0.213218] evm: security.ima
[    0.216004] evm: security.capability
[    0.220144] clocksource: jiffies: mask: 0xffffffff max_cycles: 0xffffffff, max_idle_ns: 7645041785100000 ns
[    0.224017] futex hash table entries: 512 (order: 3, 32768 bytes)
[    0.228101] pinctrl core: initialized pinctrl subsystem
[    0.234027] RTC time:  5:19:46, date: 08/24/19
[    0.236291] NET: Registered protocol family 16
[    0.240096] audit: initializing netlink subsys (disabled)
[    0.244061] audit: type=2000 audit(1566623984.163:1): state=initialized audit_enabled=0 res=1
[    0.284020] cpuidle: using governor ladder
[    0.288023] cpuidle: using governor menu
[    0.289684] ACPI: bus type PCI registered
[    0.292013] acpiphp: ACPI Hot Plug PCI Controller Driver version: 0.5
[    0.296323] PCI: Using configuration type 1 for base access
[    0.304080] HugeTLB registered 2.00 MiB page size, pre-allocated 0 pages
[    0.308372] ACPI: Added _OSI(Module Device)
[    0.309644] ACPI: Added _OSI(Processor Device)
[    0.312057] ACPI: Added _OSI(3.0 _SCP Extensions)
[    0.316023] ACPI: Added _OSI(Processor Aggregator Device)
[    0.320032] ACPI: Added _OSI(Linux-Dell-Video)
[    0.324012] ACPI: Added _OSI(Linux-Lenovo-NV-HDMI-Audio)
[    0.326185] ACPI: Added _OSI(Linux-HPI-Hybrid-Graphics)
[    0.328580] ACPI: Executed 1 blocks of module-level executable AML code
[    0.339892] ACPI: Interpreter enabled
[    0.340037] ACPI: (supports S0 S5)
[    0.344011] ACPI: Using IOAPIC for interrupt routing
[    0.348545] PCI: Using host bridge windows from ACPI; if necessary, use "pci=nocrs" and report a bug
[    0.352331] ACPI: Enabled 2 GPEs in block 00 to 07
[    0.385804] ACPI: PCI Root Bridge [PCI0] (domain 0000 [bus 00-ff])
[    0.388026] acpi PNP0A03:00: _OSC: OS supports [ASPM ClockPM Segments MSI]
[    0.392287] acpi PNP0A03:00: _OSC: not requesting OS control; OS requires [ExtendedConfig ASPM ClockPM MSI]
[    0.396042] acpi PNP0A03:00: fail to add MMCONFIG information, can't access extended PCI configuration space under this bridge.
[    0.404612] PCI host bridge to bus 0000:00
[    0.408016] pci_bus 0000:00: root bus resource [io  0x0000-0x0cf7 window]
[    0.412017] pci_bus 0000:00: root bus resource [io  0x0d00-0xffff window]
[    0.416038] pci_bus 0000:00: root bus resource [mem 0x000a0000-0x000bffff window]
[    0.420018] pci_bus 0000:00: root bus resource [mem 0x40000000-0xfdffffff window]
[    0.424022] pci_bus 0000:00: root bus resource [bus 00-ff]
[    0.437548] pci 0000:00:01.1: legacy IDE quirk: reg 0x10: [io  0x01f0-0x01f7]
[    0.440012] pci 0000:00:01.1: legacy IDE quirk: reg 0x14: [io  0x03f6]
[    0.444009] pci 0000:00:01.1: legacy IDE quirk: reg 0x18: [io  0x0170-0x0177]
[    0.448015] pci 0000:00:01.1: legacy IDE quirk: reg 0x1c: [io  0x0376]
[    0.482909] pci 0000:00:07.0: quirk: [io  0x4000-0x403f] claimed by PIIX4 ACPI
[    0.484043] pci 0000:00:07.0: quirk: [io  0x4100-0x410f] claimed by PIIX4 SMB
[    0.507846] ACPI: PCI Interrupt Link [LNKA] (IRQs 5 9 10 *11)
[    0.512147] ACPI: PCI Interrupt Link [LNKB] (IRQs 5 9 *10 11)
[    0.516362] ACPI: PCI Interrupt Link [LNKC] (IRQs 5 *9 10 11)
[    0.520227] ACPI: PCI Interrupt Link [LNKD] (IRQs 5 9 10 *11)
[    0.524545] SCSI subsystem initialized
[    0.528067] pci 0000:00:02.0: vgaarb: setting as boot VGA device
[    0.532000] pci 0000:00:02.0: vgaarb: VGA device added: decodes=io+mem,owns=io+mem,locks=none
[    0.532016] pci 0000:00:02.0: vgaarb: bridge control possible
[    0.534044] vgaarb: loaded
[    0.536062] ACPI: bus type USB registered
[    0.537509] usbcore: registered new interface driver usbfs
[    0.540014] usbcore: registered new interface driver hub
[    0.544102] usbcore: registered new device driver usb
[    0.548094] EDAC MC: Ver: 3.0.0
[    0.552394] PCI: Using ACPI for IRQ routing
[    0.556445] NetLabel: Initializing
[    0.560005] NetLabel:  domain hash size = 128
[    0.564002] NetLabel:  protocols = UNLABELED CIPSOv4 CALIPSO
[    0.568022] NetLabel:  unlabeled traffic allowed by default
[    0.572147] clocksource: Switched to clocksource kvm-clock
[    0.599407]VF: is qots qut_6.6.0
[    0.826237] VFS: Dquo-cch hshtaleenris: 512 (order 0, 4096 bytes)
[    1.075998] Apprmor ApAmo FleysemEnabled
[    1.318285] pnp: PnP ACPI init
[    1.321615] pnp: PnP ACPI: found 3 devices

[    1.338977] clocksource: acpi_pm: mask: 0xffffff max_cycles: 0xffffff, max_idle_ns: 2085701024 ns
[    1.342833] NET: Registered potco famly2

[    1.519760] TCP established hash table entries: 8192 (order: 4, 65536 bytes)
[    1.529501] TCP bind hash table entries: 8192 (order: 5, 131072 bytes)
[    1.531742] TCP: Hash tables configured (established 8192 bind 8192)
[    1.533983] UDP hash table entries: 52 orer 2 138 bes
    1.79045]UD-Ltehah abe ntie 52 order:  138 bte)
[    2.37039]NE: egistered protol family 1
[    2.557761] pci 0000:00:00.0: Liitngdiect PCI/PCI transfers
[    2.685203] pc 0000:00:01.0: Activating ISA DMA hang wrkarounds
[    2.764371] pci 0000:00:02.0 Video device with shadowed ROM at [mem 0x000c0000-0x000dffff]
[    2.834272] Unpacking initramfs...
[    3.258088] Freeing initrd memory: 19672K
[    3.297007] clocksource: tsc: mask: 0xffffffffffffffff max_cycles: 0x36c6563e7a6, max_idle_ns: 881590602333 ns
[    3.385815] platform rtc_cmos: registered platform RTC device (no PNP device found)
[    3.458015] Scanning for low memory corruption every 60 seconds
[    3.505091] Initialise system trusted keyrings
[    3.506653] Key type blacklist registered
[    3.509641] workingset: timestamp_bits=36 max_order=18 bucket_order=0
[    3.547483] zbud: loaded
[    3.561918] squashfs: version 4.0 (2009/01/31) Phillip Lougher
[    3.580663] fuse init (API version 7.26)
[    3.609030] Key type asymmetric registered
[    3.625304] Asymmetric key parser 'x509' registered
[    3.627676] Block layer SCSI generic (bsg) driver version 0.4 loaded (major 246)
[    3.630834] io scheduler noop registered
[    3.632606] io scheduler deadline registered
[    3.636585] io scheduler cfq registered (default)
[    3.639069] ACPI: AC Adapter [AC] (on-line)
[    3.652089] input: Power Button as /devices/LNXSYSTM:00/LNXPWRBN:00/input/input0
[    3.654684] ACPI: Power Button [PWRF]
[    3.662420] input: Sleep Button as /devices/LNXSYSTM:00/LNXSLPBN:00/input/input1
[    3.666288] ACPI: Sleep Button [SLPF]
[    3.670022] ACPI: Battery Slot [BAT0] (battery present)
[    3.676574] Serial: 8250/16550 driver, 32 ports, IRQ sharing enabled
[    3.718301] 00:02: ttyS0 at I/O 0x3f8 (irq = 4, base_ud = 15200) is a 16550A

[    3.1404] Linux agpgart interface v0.103

[    3.937195] loop: module loaded
[    3.957383] scsi host0: ata_piix
[    3.963751] scsi host1: ata_piix
[    3.979258] ata1: PATA max UDMA/33 cmd 0x1f0 ctl 0x3f6 bmdma 0xd000 irq 14
[    4.008895] ata2: PATA max UDMA/33 cmd 0x170 ctl 0x376 bmdma 0xd008 irq 15
[    4.076444 libphy:Fied MDIO Bus: robed
[    4.237142] tun: Universa TN/TAP device driver, 1.6

[    4.303158] PPP generic driver version 2.4.2
[    4.322085] ehci_hcd: USB 2.0 'Enhanced' Host Controller (EHCI) Driver
[    4.378209] ehci-pci: EHCI PCI platform driver
[    4.424968] ehci-platform: EHCI generic platform driver
[    4.448927] ohci_hcd: USB 1.1 'Open' Host Controller (OHCI) Driver
[    4.462205] ohci-pci: OHCI PCI platform driver
[    4.481165] ohci-platform: OHCI generic platform driver
[    4.520836] uhci_hcd: USB Universal Host Controller Interface driver
[    4.557853] i8042: PNP: PS/2 Controller [PNP0303:PS2K,PNP0f03:PS2M] at 0x60,0x64 irq 1,12
[    4.575953] serio: i8042 KBD port at 0x60,0x64 irq 1
[    4.606440] serio: i8042 AUX port at 0x60,0x64 irq 12
[    4.615440] mousedev: PS/2 mouse device common for all mice
[    4.641557] rtc_cmos rtc_cmos: rtc core: registered rtc_cmos as rtc0
[    4.673007] input: AT Translated Set 2 keyboard as /devices/platform/i8042/serio0/input/input2
[    4.676082] rtc_cmos rtc_cmos: alarms up to one day, 114 bytes nvram
[    4.708040] i2c /dev entries driver
[    4.730049] device-mapper: uevent: version 1.0.3
[    4.736229] device-mapper: ioctl: 4.37.0-ioctl (2017-09-20) initialised: dm-devel@redhat.com
[    4.757184] ledtrig-cpu: registered to indicate activity on CPUs
[    4.798293] NET: Registered protocol family 10
[    4.813559] Segment Routing with IPv6
[    4.817214] NET: Registered protocol family 17
[    4.820783] Key type dns_resolver registered
[    4.823133] RAS: Correctable Errors collector initialized.
[    4.825429] sched_clock: Marking stable (4825390621, 0)->(13319316650, -8493926029)
[    4.829152] registered taskstats version 1
[    4.837156] Loading compiled-in X.509 certificates
[    4.843492] Loaded X.509 cert 'Build time autogenerated kernel key: e343dd3e31c9820cf0adf0156bc2eecdcfc394af'
[    4.853154] zswap: loaded using pool lzo/zbud
[    4.871101] Key type big_key registered
[    4.875901] Key type trusted registered
[    4.885533] Key type encrypted registered
[    4.890171] AppArmor: AppArmor sha1 policy hashing enabled
[    4.897126] ima: No TPM chip found, activating TPM-bypass! (rc=-19)
[    4.900794] ima: Allocated hash algorithm: sha1
[    4.903818] evm: HMAC attrs: 0x1
[    4.907921]   Magic number: 15:614:315
[    4.913711] tty tty40: hash matches
[    4.921365] rtc_cmos rtc_cmos: setting system clock to 2019-08-24 05:19:51 UTC (1566623991)
[    4.936908] BIOS EDD facility v0.16 2004-Jun-25, 0 devices found
[    4.941637] EDD information not available.
[    4.952254] Freeing unused kernel image memory: 2424K
[    4.980466] Write protecting the kernel read-only data: 20480k
[    5.078055] Freeing unused kernel image memory: 2008K
[    5.091687] Freeing unused kernel image memory: 1864K
[    5.100926] x86/mm: Checked W+X mappings: passed, no W+X pages found.
[    5.146591] x86/mm: Checking user space page tables
[    5.238955] x86/mm: Checked W+X mappings: passed, no W+X pages found.
Loading, please wait...
starting version 237
[    5.470994] e1000: Intel(R) PRO/1000 Network Driver - version 7.3.21-k8-NAPI
[    5.474859] e1000: Copyright (c) 1999-2006 Intel Corporation.
[    5.490074] Fusion MPT base driver 3.04.20
[    5.491768] Copyright (c) 1999-2008 LSI Corporation
[    5.513375] AVX2 version of gcm_enc/dec engaged.
[    5.517322] AES CTR mode by8 optimization enabled
[    5.536448] Fusion MPT SPI Host driver 3.04.20
[    5.709780] input: ImExPS/2 Generic Explorer Mouse as /devices/platform/i8042/serio1/input/input4
[    5.963377] e1000 0000:00:03.0 eth0: (PCI:33MHz:32-bit) 02:26:45:5c:bc:af
[    5.974485] e1000 0000:00:03.0 eth0: Intel(R) PRO/1000 Network Connection
[    6.451834] e1000 0000:00:08.0 eth1: (PCI:33MHz:32-bit) 08:00:27:cd:e6:ad
[    6.500536] e1000 0000:00:08.0 eth1: Intel(R) PRO/1000 Network Connection
[    6.550835] mptbase: ioc0: Initiating bringup
[    6.551435] e1000 0000:00:08.0 enp0s8: renamed from eth1
[    6.580987] e1000 0000:00:03.0 enp0s3: renamed from eth0
[    6.666229] ioc0: LSI53C1030 A0: Capabilities={Initiator}
[    7.981596] scsi host2: ioc0: LSI53C1030 A0, FwRev=00000000h, Ports=1, MaxQ=256, IRQ=20
[    9.188869] scsi 2:0:0:0: Direct-Access     VBOX     HARDDISK         1.0  PQ: 0 ANSI: 5
[    9.244412] scsi target2:0:0: Beginning Domain Validation
[    9.276471] scsi target2:0:0: Domain Validation skipping write tests
[    9.297250] scsi target2:0:0: Ending Domain Validation
[    9.328622] scsi target2:0:0: asynchronous
[    9.346109] scsi 2:0:1:0: Direct-Access     VBOX     HARDDISK         1.0  PQ: 0 ANSI: 5
[    9.384277] scsi target2:0:1: Beginning Domain Validation
[    9.425535] random: fast init done
[    9.624835] scsi target2:0:1: Domain Validation skipping write tests
[    9.666480] scsi target2:0:1: Ending Domain Validation
[    9.698046] scsi target2:0:1: asynchronous
[    9.730714] random: systemd-udevd: uninitialized urandom read (16 bytes read)
[    9.774590] random: systemd-udevd: uninitialized urandom read (16 bytes read)
[    9.774655] sd 2:0:0:0: Attached scsi generic sg0 type 0
[    9.786851] random: systemd-udevd: uninitialized urandom read (16 bytes read)
[    9.806668] sd 2:0:0:0: [sda] 20971520 512-byte logical blocks: (10.7 GB/10.0 GiB)
[    9.809260] sd 2:0:1:0: Attached scsi generic sg1 type 0
[    9.830188] sd 2:0:0:0: [sda] Write Protect is off
[    9.861977] sd 2:0:1:0: [sdb] 20480 512-byte logical blocks: (10.5 MB/10.0 MiB)
[    9.862021] sd 2:0:0:0: [sda] Incomplete mode parameter data
[   10.609336] sd 2:0:0:0: [sda] Assuming drive cache: write through
[   10.637109] sd 2:0:1:0: [sdb] Write Protect is off
[   10.642358] sd 2:0:1:0: [sdb] Incomplete mode parameter data
[   10.644551] sd 2:0:1:0: [sdb] Assuming drive cache: write through
[   10.646226]  sda: sda1
[   10.649370] sd 2:0:0:0: [sda] Attached SCSI disk
[   10.658463] sd 2:0:1:0: [sdb] Attached SCSI disk
Begin: Loading essential drivers ... [   12.384407] raid6: sse2x1   gen()  4908 MB/s
[   12.432099] raid6: sse2x1   xor()  4370 MB/s
[   12.488250] raid6: sse2x2   gen()  7709 MB/s
[   12.552197] raid6: sse2x2   xor()  5299 MB/s
[   12.604086] raid6: sse2x4   gen()  8922 MB/s
[   12.656737] raid6: sse2x4   xor()  5620 MB/s
[   12.708324] raid6: avx2x1   gen() 12795 MB/s
[   12.756165] raid6: avx2x1   xor()  9310 MB/s
[   12.804344] raid6: avx2x2   gen() 14002 MB/s
[   12.856417] raid6: avx2x2   xor()  8918 MB/s
[   12.908155] raid6: avx2x4   gen() 16309 MB/s
[   12.956175] raid6: avx2x4   xor() 10995 MB/s
[   12.959536] raid6: using algorithm avx2x4 gen() 16309 MB/s
[   12.993430] raid6: .... xor() 10995 MB/s, rmw enabled
[   13.004815] raid6: using avx2x2 recovery algorithm
[   13.011710] xor: automatically using best checksumming function   avx       
[   13.018172] async_tx: api initialized (async)
done.
Begin: Running /scripts/init-premount ... done.
Begin: Mounting root file system ... Begin: Running /scripts/local-top ... done.
Begin: Running /scripts/local-premount ... [   13.175730] Btrfs loaded, crc32c=crc32c-intel
Scanning for Btrfs filesystems
done.
Warning: fsck no[   13.234447] EXT4-fs (sda1): mounted filesystem with ordered data mode. Opts: (null)
t present, so skipping root file system
done.
Begin: Running /scripts/local-bottom ... done.
Begin: Running /scripts/init-bottom ... done.
[   13.682166] ip_tables: (C) 2000-2006 Netfilter Core Team
[   13.701193] systemd[1]: systemd 237 running in system mode. (+PAM +AUDIT +SELINUX +IMA +APPARMOR +SMACK +SYSVINIT +UTMP +LIBCRYPTSETUP +GCRYPT +GNUTLS +ACL +XZ +LZ4 +SECCOMP +BLKID +ELFUTILS +KMOD -IDN2 +IDN -PCRE2 default-hierarchy=hybrid)
[   16.186146] systemd[1]: Detected virtualization oracle.
[   16.209073] systemd[1]: Detected architecture x86-64.

Welcome to [1mUbuntu 18.04.2 LTS[0m!

[   16.263292] systemd[1]: Set hostname to <ubuntu-bionic>.
[   17.427374] systemd[1]: Started Forward Password Requests to Wall Directory Watch.
[[0;32m  OK  [0m] Started Forward Password Requests to Wall Directory Watch.
[   18.859676] systemd[1]: Reached target System Time Synchronized.
[[0;32m  OK  [0m] Reached target System Time Synchronized.
[   18.865403] systemd[1]: Set up automount Arbitrary Executable File Formats File System Automount Point.
[[0;32m  OK  [0m] Set up automount Arbitrary Executabâ€¦rmats File System Automount Point.
[   18.919724] systemd[1]: Reached target Swap.
[[0;32m  OK  [0m] Reached target Swap.
[   18.960842] systemd[1]: Reached target User and Group Name Lookups.
[[0;32m  OK  [0m] Reached target User and Group Name Lookups.
[   19.433195] systemd[1]: Created slice User and Session Slice.
[[0;32m  OK  [0m] Created slice User and Session Slice.
[   19.848425] systemd[1]: Created slice System Slice.
[[0;32m  OK  [0m] Created slice System Slice.
[   19.877282] systemd[1]: Listening on /dev/initctl Compatibility Named Pipe.
[[0;32m  OK  [0m] Listening on /dev/initctl Compatibility Named Pipe.
[   20.230482] systemd[1]: Created slice system-serial\x2dgetty.slice.
[[0;32m  OK  [0m] Created slice system-serial\x2dgetty.slice.
[   20.259127] systemd[1]: Reached target Slices.
[[0;32m  OK  [0m] Reached target Slices.
[   20.293036] systemd[1]: Listening on udev Kernel Socket.
[[0;32m  OK  [0m] Listening on udev Kernel Socket.
[[0;32m  OK  [0m] Listening on LVM2 poll daemon socket.
[[0;32m  OK  [0m] Listening on Syslog Socket.
[[0;32m  OK  [0m] Listening on Network Service Netlink Socket.
[[0;32m  OK  [0m] Listening on LVM2 metadata daemon socket.
[[0;32m  OK  [0m] Listening on Journal Audit Socket.
[[0;32m  OK  [0m] Listening on Journal Socket (/dev/log).
[[0;32m  OK  [0m] Listening on Device-mapper event daemon FIFOs.
[[0;32m  OK  [0m] Listening on udev Control Socket.
[[0;32m  OK  [0m] Listening on Journal Socket.
         Mounting Kernel Debug File System...
         Starting Journal Service...
         Mounting POSIX Message Queue File System...
         Starting Uncomplicated firewall...
         Starting Monitoring of LVM2 mirrorsâ€¦ng dmeventd or progress polling...
         Starting udev Coldplug all Devices...
         Starting Set the console keyboard layout...
         Mounting Huge Pages File System...
         Starting Load Kernel Modules...
         Starting Remount Root and Kernel File S[   20.725970] Loading iSCSI transport class v2.0-870.
ystems...
         Starting Create list of required stâ€¦ce nodes for the current kernel...
[[0;32m  OK  [0m] Started Journal Service.
[   20.819545] iscsi: registered transport (tcp)
[[0;32m  OK  [0m] Mounted Kernel Debug File System.
[   20.836463] EXT4-fs (sda1): re-mounted. Opts: (null)
[[0;32m  OK  [0m] Mounted POSIX Message Queue [   20.874284] iscsi: registered transport (iser)
File System.
[[0;32m  OK  [0m] Started Uncomplicated firewall.
[[0;32m  OK  [0m] Mounted Huge Pages File System.
[[0;32m  OK  [0m] Started Load Kernel Modules.
[[0;32m  OK  [0m] Started Set the console keyboard layout.
[[0;32m  OK  [0m] Started Remount Root and Kernel File Systems.
[[0;32m  OK  [0m] Started Create list of required staâ€¦vice nodes for the current kernel.
[[0;32m  OK  [0m] Started udev Coldplug all Devices.
[[0;32m  OK  [0m] Started LVM2 metadata daemon.
         Starting Create Static Device Nodes in /dev...
         Starting Load/Save Random Seed...
         Mounting Kernel Configuration File System...
         Starting Apply Kernel Variables...
         Mounting FUSE Control File System...
         Starting Flush Journal to Persistent Storage...
[[0;32m  OK  [0m] Started Monitoring of LVM2 mirrors,â€¦sing dmeventd or progress polling.
[[0;32m  OK  [0m] Started Create Static Device Nodes in /dev.
[[0;32m  OK  [0m] Started Load/Save Random Seed.
[[0;32m  OK  [0m] Mounted Kernel Configuration File System.
[[0;32m  OK  [0m] Started Apply Kernel Variables.
[[0;32m  OK  [0m] Mounted FUSE Control File System.
         Starting udev Kernel Device Manager...
[[0;32m  OK  [0m] Reached target Local File Systems (Pre).
[[0;32m  OK  [0m] Reached target Local File Systems.
         Starting AppArmor initialization...
         Starting Tell Plymouth To Write Out Runtime Data...
         Starting ebtables ruleset management...
         Starting Set console font and keymap...
[[0;32m  OK  [0m] Started udev Kernel Device Manager.
[[0;32m  OK  [0m] Started Tell Plymouth To Write Out Runtime Data.
[[0;32m  OK  [0m] Started Set console font and keymap.
[[0;32m  OK  [0m] Started Dispatch Password Requests to Console Directory Watch.
[[0;32m  OK  [0m] Reached target Local Encrypted Volumes.
[[0;32m  OK  [0m] Started ebtables ruleset management.
[[0;32m  OK  [0m] Started Flush Journal to Persistent Storage.
[[0;32m  OK  [0m] Found device /dev/ttyS0.
         Starting Create Volatile Files and Directories...
[[0;32m  OK  [0m] Started Create Volatile Files and Directories.
         Starting Update UTMP about System Boot/Shutdown...
[[0;32m  OK  [0m] Listening on Load/Save RF Kill Switch Status /dev/rfkill Watch.
[[0;32m  OK  [0m] Started Update UTMP about System Boot/Shutdown.
[[0;32m  OK  [0m] Started AppArmor initialization.
         Starting Initial cloud-init job (pre-networking)...
[   24.667676] cloud-init[529]: Cloud-init v. 19.1-1-gbaa47854-0ubuntu1~18.04.1 running 'init-local' at Sat, 24 Aug 2019 05:20:10 +0000. Up 24.35 seconds.
[[0;32m  OK  [0m] Started Initial cloud-init job (pre-networking).
[[0;32m  OK  [0m] Reached target Network (Pre).
         Starting Network Service...
[[0;32m  OK  [0m] Started Network Service.
         Starting Network Name Resolution...
         Starting Wait for Network to be Configured...
[[0;32m  OK  [0m] Started Network Name Resolution.
[[0;32m  OK  [0m] Reached target Host and Network Name Lookups.
[[0;32m  OK  [0m] Reached target Network.
[[0;32m  OK  [0m] Started Wait for Network to be Configured.
         Starting Initial cloud-init job (metadata service crawler)...
[   27.664363] cloud-init[667]: Cloud-init v. 19.1-1-gbaa47854-0ubuntu1~18.04.1 running 'init' at Sat, 24 Aug 2019 05:20:13 +0000. Up 27.39 seconds.
[   27.711685] cloud-init[667]: ci-info: ++++++++++++++++++++++++++++++++++++++Net device info+++++++++++++++++++++++++++++++++++++++
[   27.735429] cloud-init[667]: ci-info: +--------+------+-----------------------------+---------------+--------+-------------------+
[   27.780687] cloud-init[667]: ci-info: | Device |  Up  |           Address           |      Mask     | Scope  |     Hw-Address    |
[   27.812544] cloud-init[667]: ci-info: +--------+------+-----------------------------+---------------+--------+-------------------+
[   27.856965] cloud-init[667]: ci-info: | enp0s3 | True |          10.0.2.15          | 255.255.255.0 | global | 02:26:45:5c:bc:af |
[   27.876772] cloud-init[667]: ci-info: | enp0s3 | True |  fe80::26:45ff:fe5c:bcaf/64 |       .       |  link  | 02:26:45:5c:bc:af |
[   27.931102] cloud-init[667]: ci-info: | enp0s8 | True |        192.168.33.10        | 255.255.255.0 | global | 08:00:27:cd:e6:ad |
[   27.945913] cloud-init[667]: ci-info: | enp0s8 | True | fe80::a00:27ff:fecd:e6ad/64 |       .       |  link  | 08:00:27:cd:e6:ad |
[   27.996707] cloud-init[667]: ci-info: |   lo   | True |          127.0.0.1          |   255.0.0.0   |  host  |         .         |
[   28.004234] cloud-init[667]: ci-info: |   lo   | True |           ::1/128           |       .       |  host  |         .         |
[   28.032676] cloud-init[667]: ci-info: +--------+------+-----------------------------+---------------+--------+-------------------+
[   28.049339] cloud-init[667]: ci-info: +++++++++++++++++++++++++++++Route IPv4 info+++++++++++++++++++++++++++++
[   28.053957] cloud-init[667]: ci-info: +-------+--------------+----------+-----------------+-----------+-------+
[   28.067433] cloud-init[667]: ci-info: | Route | Destination  | Gateway  |     Genmask     | Interface | Flags |
[   28.073417] cloud-init[667]: ci-info: +-------+--------------+----------+-----------------+-----------+-------+
[   28.081662] cloud-init[667]: ci-info: |   0   |   0.0.0.0    | 10.0.2.2 |     0.0.0.0     |   enp0s3  |   UG  |
[   28.085440] cloud-init[667]: ci-info: |   1   |   10.0.2.0   | 0.0.0.0  |  255.255.255.0  |   enp0s3  |   U   |[
[0;32m  OK  [0m] Started Initial cloud-init job (metadata service crawler).
[[0;32m  OK  [0m] Reached target System Initialization.
[   28.134532] cloud-init[667]: ci-info: |   2   |   10.0.2.2   | 0.0.0.0  | 255.255.255.255 |   enp0s3  |   UH  |
[   28.175567] cloud-init[667]: ci-info: |   3   | 192.168.33.0 | 0.0.0.0  |  255.255.255.0  |   enp0s8  |   U   |
[[0;32m  OK  [0m] Started ACPI Events Check.
[   28.176578] cloud-init[667]: ci-info: +-------+--------------+----------+-----------------+-----------+-------+
         Starting LXD - unix socket.
[[0;32m  OK  [0m] Listening on D-Bus System Message Bus Socket.
[   28.208158] cloud-init[667]: ci-info: +++++++++++++++++++Route IPv6 info+++++++++++++++++++
[[0;32m  OK  [0m] Started Discard unused blocks once a week.
[[0;32m  OK  [0m] Reached target Paths.
[   28.284440] [[0;32m  OK  [0m] Listening on ACPID Listen Socket.
[[0;32m  OK  [0m] Started Message of the Day.
cloud-init[667]: ci-info: +-------+-------------+---------+-----------+-------+
[[0;32m  OK  [0m] Started Daily Cleanup of Temporary Directories.
[   28.314961] [cloud-init[0;32m  OK  [0m[667]: ] ci-info: | Route | Destination | Gateway | Interface | Flags |Started Daily apt download activities.

[[0;32m  OK  [0m] Started Daily apt upgrade and clean activities.
[[0;32m  OK  [0m] Reached target Timers.
[   28.392363] [cloud-init[0;32m  OK  [0m[667]: ] ci-info: +-------+-------------+---------+-----------+-------+Listening on Open-iSCSI iscsid Socket.

[[0;32m  OK  [0m] Listening on UUID daemon activation socket.
[   28.424406] cloud-init[667]: ci-info: |   1   |  fe80::/64  |    ::   |   enp0s8  |   U   |
         Starting Socket activation for snappy daemon.
[[0;32m  OK  [0m] Reached target Network is Online.
[   28.467107] cloud-init[667]: ci-info: |   2   |  fe80::/64  |    ::   |   enp0s3  |   U   |
[   28.513513] cloud-init[667]: ci-info: |   4   |    local    |    ::   |   enp0s3  |   U   |
[[0;32m  OK  [0m] Reached target Remote File Systems (Pre).
[   28.533451] cloud-init[667]: ci-info: |   5   |    local    |    ::   |   enp0s8  |   U   |
[[0;32m  OK  [0m] Reached target Remote File Systems.
[   28.553692] cloud-init[667]: ci-info: |   6   |   ff00::/8  |    ::   |   enp0s8  |   U   |
         Starting Availability of block devices...
[[0;32m  OK  [0m] Reached target Cloud-config availability.
[[0;32m  OK  [0m] Listening on LXD - unix socket.
[   28.619703] cloud-init[667]: ci-info: |   7   |   ff00::/8  |    ::   |   enp0s3  |   U   |
[[0;32m  OK  [0m] Listening on Socket activation for snappy daemon.
[   28.709879] cloud-init[667]: ci-info: +-------+-------------+---------+-----------+-------+
[[0;32m  OK  [0m] Started Availability of block devices.
[[0;32m  OK  [0m] Reached target Sockets.
[[0;32m  OK  [0m] Reached target Basic System.
         Starting LSB: automatic crash report generation...
         Starting vboxadd.service...
[[0;32m  OK  [0m] Started Regular background program processing daemon.
[[0;32m  OK  [0m] Started FUSE filesystem for LXC.
         Starting LSB: Record successful boot for GRUB...
         Starting Dispatcher daemon for systemd-networkd...
         Starting Accounts Service...
[[0;32m  OK  [0m] Started D-Bus System Message Bus.
         Starting Permit User Sessions...
         Starting Login Service...
         Starting System Logging Service...
         Starting OpenBSD Secure Shell server...
[[0;32m  OK  [0m] Started Deferred execution scheduler.
         Starting Snappy daemon...
[[0;32m  OK  [0m] Started irqbalance daemon.
         Starting LXD - container startup/shutdown...
[[0;32m  OK  [0m] Started System Logging Service.
[[0;32m  OK  [0m] Started Permit User Sessions.
[[0;32m  OK  [0m] Started OpenBSD Secure Shell server.
[[0;32m  OK  [0m] Started Login Service.
[[0;32m  OK  [0m] Started Unattended Upgrades Shutdown.
         Starting Authorization Manager...
         Starting Hold until boot process finishes up...
         Starting Terminate Plymouth Boot Screen...
[[0;32m  OK  [0m] Started Hold until boot process finishes up.
[[0;32m  OK  [0m] Started Terminate Plymouth Boot Screen.
         Starting Set console scheme...
[[0;32m  OK  [0m] Started Serial Getty on ttyS0.
[[0;32m  OK  [0m] Started Set console scheme.
[[0;32m  OK  [0m] Created slice system-getty.slice.
[[0;32m  OK  [0m] Started Getty on tty1.
[[0;32m  OK  [0m] Reached target Login Prompts.
[[0;32m  OK  [0m] Started LSB: Record successful boot for GRUB.
[[0;32m  OK  [0m] Started LSB: automatic crash report generation.
[[0;32m  OK  [0m] Started Authorization Manager.
[[0;32m  OK  [0m] Started Accounts Service.
[[0;32m  OK  [0m] Started Dispatcher daemon for systemd-networkd.
[[0;32m  OK  [0m] Started LXD - container startup/shutdown.
[[0;32m  OK  [0m] Started Snappy daemon.
         Starting Wait until snapd is fully seeded...
[[0;32m  OK  [0m] Started vboxadd.service.
[[0;32m  OK  [0m] Started Wait until snapd is fully seeded.
         Starting Apply the settings specified in cloud-config...
         Starting vboxadd-service.service...
[[0;32m  OK  [0m] Started vboxadd-service.service.
[[0;32m  OK  [0m] Reached target Multi-User System.
[[0;32m  OK  [0m] Reached target Graphical Interface.
         Starting Update UTMP about System Runlevel Changes...
[[0;32m  OK  [0m] Started Update UTMP about System Runlevel Changes.
[   31.244110] cloud-init[978]: Cloud-init v. 19.1-1-gbaa47854-0ubuntu1~18.04.1 running 'modules:config' at Sat, 24 Aug 2019 05:20:17 +0000. Up 31.08 seconds.
[[0;32m  OK  [0m] Started Apply the settings specified in cloud-config.
         Starting Execute cloud user/final scripts...
[   32.026211] cloud-init[1046]: Cloud-init v. 19.1-1-gbaa47854-0ubuntu1~18.04.1 running 'modules:final' at Sat, 24 Aug 2019 05:20:18 +0000. Up 31.85 seconds.
[   32.054270] cloud-init[1046]: Cloud-init v. 19.1-1-gbaa47854-0ubuntu1~18.04.1 finished at Sat, 24 Aug 2019 05:20:18 +0000. Datasource DataSourceNoCloud [seed=/dev/sdb][dsmode=net].  Up 32.01 seconds
[[0;32m  OK  [0m] Started Execute cloud user/final scripts.
[[0;32m  OK  [0m] Reached target Cloud-init target.

Ubuntu 18.04.2 LTS ubuntu-bionic ttyS0

ubuntu-bionic login: 