[   0.000000] Linux version 4.15.0-58-generic (buildd@lcy01-amd64-013) (gcc version 7.4.0 (Ubuntu 7.4.0-1ubuntu1~18.04.1)) #64-Ubuntu SMP Tue Aug 6 11:12:41 UTC 2019 (Ubuntu 4.15.0-58.64-generic 4.15.18)
[    0.000000] Command line: BOOT_IMAGE=/boot/vmlinuz-4.15.0-58-generic root=UUID=a5eb06e2-8eb1-4232-8570-2cc927993946 ro console=tty1 console=ttyS0
[    0.000000] KERNEL supported cpus:
[    0.000000]   Intel GenuineIntel
[    0.000000]   AMD AuthenticAMD
[    0.000000]   Centaur CentaurHau
[    0.0000] x86/u: SupportingSAVEfeure x01: 'x87 floating point registers'
[    0.000000] x86/fpu: Supporting XSAVE feature 0x002: 'SSE registers'
[    0.000000] x86/fpu: Supporting XSAVE feature 0x004: 'AVX registers'
[    0.000000] x86/fpu: xstate_offset[2]:  576,xstate_sizes[2]:  256
[    0.000000] x86/fpu: Enabled xstate features 0x7, context size is 832 bys,using 'sstandard' frmat.
[    0.0000 e0: BIOprvidedhysical RAM map:
[    0.000000] BIOS-e820: [mem 0x0000000000000000-0x000000000009fbff] usable
[   0.000000] BIOS-e820: [mem 0x000000000009fc00-0x000000000009ffff] reserved
[    0.000000] BIS-e820: [m 0x000000000f0000-0x00000000000fffff] reserved
[  0.000000] BOSe820: [mem 0x0000000000100000-00000003ffeff]usable
[    000000] BI-e820[mm 0x000000003fff0000-0x000000003fffffff] ACPI data
[    0.000000] BIOS-e820: [mem 0x00000000fec00000-0x00000000fec00fff] reserved
    0.0000] BIOS-e820: [mem 0x00000000fee00000-0x00000000fee00fff] reserved
[    0.000000] BIOS-e820: [mem 0x00000000fffc0000-0x00000000ffffffff] reserved
[    0.000000] NX (Execute Disable) protection: active
[    0.000000] SMBIOS 2.5 present.
[    0.000000] DMI: innotek GmbH VirtualBox/VirtualBox, BIOS VirtualBox 12/01/2006
[    0.000000] Hypervisor detected: KVM
[    0.000000] e820: last_pfn = 0x3fff0 max_arch_pfn = 0x400000000
[    0.000000] MTRR: Disabled
[    0.000000] x86/PAT: MTRRs disabled, skipping PAT initialization too.
[    0.000000] CPU MTRRs all blank - virtualized system.
[    0.000000] x86/PAT: Configuration [0-7]: WB  WT  UC- UC  WB  WT  UC- UC  
[    0.000000] foound SMP MP-table at [mem 0x0009fff0-0x0009ffff] mapped at         (ptrval)]
[    0.000000] Scanning 1 areas for low memory corruption
[    0.000000] RAMDISK: [mem 0x35983000-0x36cb8fff]
[    0.000000] ACPI: rl table ccksum verification disabled
[    0.000000] ACPI: RSDP 0x00000000000E0000 000024 (v02 VBOX  )
[    0.000000] ACPI: XSDT 0x000000003FFF0030 00003C (v01 VBOX   VBOXXSDT 00000001 ASL  00000061)
[    0.000000] ACPI: FACP 0x000000003FFF00F0 0000F4 (v04 VBOX   VBOXFACP 00000001 ASL  00000061)
[    0.000000] ACPI: DSDT 0x000000003FFF0470 0021FF (v02 VBOX   VBOXBIOS 00000002 INTL 20100528)
[    0.000000] ACPI: FACS 0x000000003FFF0200 000040
[    0.000000] ACPI: FACS 0x000000003FFF0200 000040
[    0.000000] ACPI: APIC 0x000000003FFF0240 00005C (v02 VBOX   VBOXAPIC 00000001 ASL  00000061)
[    0.000000] ACPI: SSDT 0x000000003FFF02A0 0001CC (v01 VBOX   VBOXCPUT 00000002 INTL 20100528)
[    0.000000] No NUMA configuration found
[    0.000000] Faking a node at [mem 0x0000000000000000-0x000000003ffeffff]
[    0.000000] NODE_DATA(0) allocated [mem 0x3ffc5000-0x3ffeffff]
[    0.000000] kvm-clock: cpu 0, msr 0:3ff44001, primary cpu clock
[    0.000000] k-cock Ung msrs 4b564d01 and b564d00[    0.000000] kvm-clock: using sched offset of 5123602699 cycles
[    0.000000] clocksource: kvm-clock: mask: 0xffffffffffffffff max_cyes: 0x1cd42e4dffbmax_idle_ns: 881590591483 ns
[    0.000000] Zone ranges:
[    0.000000]   DMA      [mem 0x0000000000001000-0x0000000000ffffff]
[    0.000000]   DMA32   [mem 0x00000001000000-0x00000003feffff]
[    0.000000]   Normal   empty
[    0.000000]   Device   empty[    0.00000] Movablzoe start foeah node
[    0.000000] Early memory node ranges
[    00000  node   0: [mem 0x0000000000001000-0x000000000009efff]
[    0.000000]   node   0: [memx0000000000100000-0x000000003ffeffff]
[    0.000000] Reserved but unavailable: 98 pages
[    0.000000] Initmem setup node 0 [mem 0x0000000000001000-0x000000003ffeffff]
[    0.000000] ACPI: PM-Timer IO Port: 0x4008
[    0.000000] IOAPIC[0]: apic_id 2, version 32, address 0xfec00000, GSI 0-23
[    0.000000] ACPI: INT_SRC_OR (bus bs_irq 0 globa_irq 2 dfl fl)
[    0.000000] ACPI: INT_SRC_OVR (bus 0 bus_irq 9 global_irq 9 low level)
[    0.000000] Using ACPI (MADT) for SMP configuration information
[    0.000000] smpboot: Allowing 2 CPUs, 0 hotug CUs
[    0.0000] PMReisteedosave memory: [mem 0x00000000-0x00000fff]
[    0.000000] : egistered nosave memory: [mem 0x0009f000-0x0009ffff]
[    0.000000] PM: Registered nosave memory: [mem 0x000a0000-0x000effff]
[    0.000000] PM: Registered nosave memory: [mem 0x000f0000-0x000fffff]
[    0.000000] e820: [mem 0x000000xfebfffff] avlable for P devices
[    0.000000] Booting paravirtualized kernel on KVM
[   0.000000clocsorce: refined-jiffies: mask: 0xffffffff max_cycles: 0xfffffff, max_idle_ns: 7645519600211568 ns
[    0.000000] random: get_random_bytes called from start_kernel+0x99/0x4fd with crng_init=0
[    0.000000] setup_percpu: NR_CPUS:8192 nr_cpumask_bits:2 nr_cpu_ids:2 nr_node_ids:1
[    0.000000] percpu: Embedded 46 pages/cpu @        (ptrval) s151552 r8192 d28672 u1048576
[    0.000000] PV qspinlock hash table entries: 256 (order: 0, 4096 bytes)
[  0.0000] Buit zonelists, mobility grouping on.  Total pages: 257913
[   .00000] Pocy zone:MA32
[  .000000] Kernel command line: BOOT_IMAGE=/boot/vmlinuz-4.15.0-58-generic root=UUID=a5eb06e2-8eb1-4232-8570-2cc927993946 ro console=tt console=tS0
[    0.00000 Memry982924K/1048120K avaable (100 kerelode, 2478rwdata, 4280K data, 2424K init, 2384K bss, 65196K reserved, 0K cma-reserved)
[   0.000] SUB HWalign=64, Order=0-3, MinObjects=0, CPUs=2, Nodes=1
[    0.000000] Kernel/User page tables isolation: enabled
[    0.000000] ftrace: allocating 39243 entries in 154 pages
[    0.004000] Hierarchical RCU implementation.
[    0.004000] 	RCU restricting CPUs from NR_CPUS=8192 to nr_cpu_ids=2.
[    0.004000] 	Tasks RCU enabled.
[    0.004000] RCU: Adjusting geometry for rcu_fanout_leaf=16, nr_cpu_ids=2
[    0.004000] NR_IRQS: 524544, nr_irqs: 440, preallocated irqs: 16
[    0.004000] Console: colour VGA+ 80x25
[    0.004000] console [tty1] enabled
[    0.004000] console [ttyS0] enabled
[    0.004000] ACPI: Core revision 20170831
[    0.004000] ACPI: 2 ACPI AML tables successfully acquired and loaded
[    0.004000] APIC: Switch to smmetric I/O mode setup
[    0.004311] x2apic enabled
[    0.006260] Switched APIC routing to physical x2apic.
[    0.008891] ..TIMER: vector=0x30 apic1=0 pin1=2 apic2=-1 pin2=-1
[    0.012003] tsc: Detected 2303.998 MHz processor
[    0.013278] Calibrating delay loop (skipped) preset value.. 4607.99 BogoMIPS (lpj=9215992)
[    0.016002] pid_max: default: 32768 minimum: 301
[    0.020045] Security Framework initialized
[    0.024003] Yama: becoming mindful.
[    0.028028] AppArmor: AppArmor initialized
[    0.030635] Dentry cache hash table entries: 131072 (order: 8, 1048576 bytes)
[    0.032093] Inode-cache hash table entries: 65536 (order: 7, 524288 bytes)
[    0.033946] Mount-cache hash table entries: 2048 (order: 2, 16384 bytes)
[    0.036009] Mountpoint-cache hash table entries: 2048 (order: 2, 16384 bytes)
[    0.040221] mce: CPU supports 0 MCE banks
[    0.044015] Last level iTLB entries: 4KB 64, 2MB 8, 4MB 8
[    0.048003] Last level dTLB entries: 4KB 64, 2MB 0, 4MB 0, 1GB 4
[    0.049602] Spectre V1 : Mitigation: usercopy/swapgs barriers and __user pointer sanitization
[    0.052003] Spectre V2 : Mitigation: Full generic retpoline
[    0.056002] Spectre V2 : Spectre v2 / SpectreRSB mitigation: Filling RSB on context switch
[    0.060004] Speculative Store Bypass: Vulnerable
[    0.064047] MDS: Vulnerable: Clear CPU buffers attempted, no microcode
[    0.065885] Freeing SMP alternatives memory: 36K
[    0.072000] smpboot: CPU0: Intel(R) Core(TM) i5-7360U CPU @ 2.30GHz (family: 0x6, model: 0x8e, stepping: 0x9)
[    0.072075] Performance Events: unsupported p6 CPU model 142 no PMU driver, software events only.
[    0.076030] Hierarchical SRCU implementation.
[    0.080534] NMI watchdog: Perf event create on CPU 0 failed with -2
[    0.084002] NMI watchdog: Perf NMI watchdog permanently disabled
[    0.088047] smp: Bringing up secondary CPUs ...
[    0.092076] x86: Booting SMP configuration:
[    0.096004] .... node  #0, CPUs:      #1
[    0.004000] kvm-clock: cpu 1, msr 0:3ff44041, secondary cpu clock
[    0.004000] mce: CPU supports 0 MCE banks
[    0.103370] smp: Brought up 1 node, 2 CPUs
[    0.104006] smpboot: Max logical packages: 1
[    0.108003] smpboot: Total of 2 processors activated (9215.99 BogoMIPS)
[    0.109963] devtmpfs: initialized
[    0.112045] x86/mm: Memory block size: 128MB
[    0.113074] evm: security.selinux
[    0.113812] evm: security.SMACK64
[    0.114557] evm: security.SMACK64EXEC
[    0.115351] evm: security.SMACK64TRANSMUTE
[    0.116003] evm: security.SMACK64MMAP
[    0.117078] evm: security.apparmor
[    0.117824] evm: security.ima
[    0.118496] evm: security.capability
[    0.120103] clocksource: jiffies: mask: 0xffffffff max_cycles: 0xffffffff, max_idle_ns: 7645041785100000 ns
[    0.124014] futex hash table entries: 512 (order: 3, 32768 bytes)
[    0.125735] pinctrl core: initialized pinctrl subsystem
[    0.128141] RTC time:  3:52:25, date: 08/25/19
[    0.129815] NET: Registered protocol family 16
[    0.132077] audit: initializing netlink subsys (disabled)
[    0.133250] audit: type=2000 audit(1566705145.819:1): state=initialized audit_enabled=0 res=1
[    0.136101] cpuidle: using governor ladder
[    0.140014] cpuidle: using governor menu
[    0.141772] ACPI: bus type PCI registered
[    0.144004] acpiphp: ACPI Hot Plug PCI Controller Driver version: 0.5
[    0.148211] PCI: Using configuration type 1 for base access
[    0.154573] HugeTLB registered 2.00 MiB page size, pre-allocated 0 pages
[    0.156167] ACPI: Added _OSI(Module Device)
[    0.160047] ACPI: Added _OSI(Processor Device)
[    0.164004] ACPI: Added _OSI(3.0 _SCP Extensions)
[    0.165926] ACPI: Added _OSI(Processor Aggregator Device)
[    0.168039] ACPI: Added _OSI(Linux-Dell-Video)
[    0.172004] ACPI: Added _OSI(Linux-Lenovo-NV-HDMI-Audio)
[    0.174005] ACPI: Added _OSI(Linux-HPI-Hybrid-Graphics)
[    0.176786] ACPI: Executed 1 blocks of module-level executable AML code
[    0.183051] ACPI: Interpreter enabled
[    0.184016] ACPI: (supports S0 S5)
[    0.184791] ACPI: Using IOAPIC for interrupt routing
[    0.192100] PCI: Using host bridge windows from ACPI; if necessary, use "pci=nocrs" and report a bug
[    0.196303] ACPI: Enabled 2 GPEs in block 00 to 07
[    0.208334] ACPI: PCI Root Bridge [PCI0] (domain 0000 [bus 00-ff])
[    0.210230] acpi PNP0A03:00: _OSC: OS supports [ASPM ClockPM Segments MSI]
[    0.212046] acpi PNP0A03:00: _OSC: not requesting OS control; OS requires [ExtendedConfig ASPM ClockPM MSI]
[    0.216021] acpi PNP0A03:00: fail to add MMCONFIG information, can't access extended PCI configuration space under this bridge.
[    0.224218] PCI host bridge to bus 0000:00
[    0.228005] pci_bus 0000:00: root bus resource [io  0x0000-0x0cf7 window]
[    0.232004] pci_bus 0000:00: root bus resource [io  0x0d00-0xffff window]
[    0.236004] pci_bus 0000:00: root bus resource [mem 0x000a0000-0x000bffff window]
[    0.240006] pci_bus 0000:00: root bus resource [mem 0x40000000-0xfdffffff window]
[    0.244011] pci_bus 0000:00: root bus resource [bus 00-ff]
[    0.250944] pci 0000:00:01.1: legacy IDE quirk: reg 0x10: [io  0x01f0-0x01f7]
[    0.252004] pci 0000:00:01.1: legacy IDE quirk: reg 0x14: [io  0x03f6]
[    0.256004] pci 0000:00:01.1: legacy IDE quirk: reg 0x18: [io  0x0170-0x0177]
[    0.260003] pci 0000:00:01.1: legacy IDE quirk: reg 0x1c: [io  0x0376]
[    0.280453] pci 0000:00:07.0: quirk: [io  0x4000-0x403f] claimed by PIIX4 ACPI
[    0.284021] pci 0000:00:07.0: quirk: [io  0x4100-0x410f] claimed by PIIX4 SMB
[    0.300007] ACPI: PCI Interrupt Link [LNKA] (IRQs 5 9 10 *11)
[    0.301914] ACPI: PCI Interrupt Link [LNKB] (IRQs 5 9 *10 11)
[    0.304126] ACPI: PCI Interrupt Link [LNKC] (IRQs 5 *9 10 11)
[    0.308137] ACPI: PCI Interrupt Link [LNKD] (IRQs 5 9 10 *11)
[    0.312394] SCSI subsystem initialized
[    0.313495] pci 0000:00:02.0: vgaarb: setting as boot VGA device
[    0.316000] pci 0000:00:02.0: vgaarb: VGA device added: decodes=io+mem,owns=io+mem,locks=none
[    0.316010] pci 0000:00:02.0: vgaarb: bridge control possible
[    0.320006] vgaarb: loaded
[    0.324053] ACPI: bus type USB registered
[    0.325182] usbcore: registered new interface driver usbfs
[    0.326686] usbcore: registered new interface driver hub
[    0.328036] usbcore: registered new device driver usb
[    0.329406] EDAC MC: Ver: 3.0.0
[    0.329406] PCI: Using ACPI for IRQ routing
[    0.332338] NetLabel: Initializing
[    0.333209] NetLabel:  domain hash size = 128
[    0.334166] NetLabel:  protocols = UNLABELED CIPSOv4 CALIPSO
[    0.335383] NetLabel:  unlabeled traffic allowed by default
[    0.336087] clocksource: Switched to clocksource kvm-clock
[    0.350213] VFS: Disk quotas dquot_6.6.0
[    0.351960] VFS: Dquot-cache hash table entries: 512 (order 0, 4096 bytes)
[    0.35505] AppArmor: AppArmor Filesystem Enabled
[    0.396535] pnp: PnP ACPI init
[    0.400273] pnp: PnP ACPI: found 3 devices

[  0120]losoceac_pmma: 0xffffff max_cycles: 0xffffff, max_idle_ns: 2085701024 ns
[    0.83764 N: giered prooc fmily 2
[    1.1412] TCP estabsh hh blentries: 8192 (order: 4, 65536 bytes)

[    1.430164] TCP bind hash table entries: 8192 (order: 5, 131072 bytes)
[    1.431941] TCP: Hash tables configured (established 8192 bind 8192)
[    1.433753] UDP hash table entries: 512 (order: 2, 16384 bytes)
[    1.435407] UDP-Lite hash table entries: 512 (order: 2, 16384 bytes)
[    1.436992] NET: Registered protocol family 1
[    1.438557] pci 0000:00:00.0: Limiting direct PCI/PCI transfers
[    1.440924] pci 0000:00:01.0: Activating ISA DMA hang workarounds
[    1.442684] pci 0000:00:02.0: Video device with shadowed ROM at [mem 0x000c0000-0x000dffff]
[    1.446170] Unpacking initramfs...
[    1.728008] Freeing initrd memory: 19672K
[    1.798539] clocksource: tsc: mask: 0xffffffffffffffff max_cycles: 0x2135f5e6f15, max_idle_ns: 440795231538 ns
[    1.801349] platform rtc_cmos: registered platform RTC device (no PNP device found)
[    1.803487] Scanning for low memory corruption every 60 seconds
[    1.805843] Initialise system trusted keyrings
[    1.866051] Key type blacklist registered
[    1.884296] workingset: timestamp_bits=36 max_order=18 bucket_order=0
[    1.940396] zbud: loaded
[    1.952705] squashfs: version 4.0 (2009/01/31) Phillip Lougher
[    2.018301] fuse init (API version 7.26)
[    2.058040] Key type asymmetric registered
[    2.060018] Asymmetric key parser 'x509' registered
[    2.061083] Block layer SCSI generic (bsg) driver version 0.4 loaded (major 246)
[    2.062683] io scheduler noop registered
[    2.100608] io scheduler deadline registered
[    2.127215] io scheduler cfq registered (default)
[    2.151747] ACPI: AC Adapter [AC] (on-line)
[    2.178708] input: Power Button as /devices/LNXSYSTM:00/LNXPWRBN:00/input/input0
[    2.199010] ACPI: Power Button [PWRF]
[    2.235269] input: Sleep Button as /devices/LNXSYSTM:00/LNXSLPBN:00/input/input1
[    2.321988] ACPI: Sleep Button [SLPF]
[    2.361995] ACPI: Battery Slot [BAT0] (battery present)
[    2.364308] Serial: 8250/16550 driver, 32 ports, IRQ sharing enabled
[    2.544555] 00:02: ttyS0 at I/O 0x3f8 (irq = 4, base_baud = 115200) is a 16550A
[    2.552614] Linux agpgart interface v0.103
[    2.556481] loop: module loaded
[    2.559230] scsi host0: ata_piix
[    2.566387] scsi host1: ata_piix
[    2.568032] ata1: PATA max UDMA/33 cmd 0x1f0 ctl 0x3f6 bmdma 0xd000 irq 14
[    2.582788] ata2: PATA max UDMA/33 cmd 0x170 ctl 0x376 bmdma 0xd008 irq 15
[    2.586182] libphy: Fixed MDIO Bus: probed
[    2.589273] tun: Universal TUN/TAP device driver, 1.6
[    2.593358] PPP generic driver version 2.4.2
[    2.596916] ehci_hcd: USB 2.0 'Enhanced' Host Controller (EHCI) Driver
[    2.610327] ehci-pci: EHCI PCI platform driver
[    2.682176] ehci-platform: EHCI generic platform driver
[    2.792208] ohci_hcd: USB 1.1 'Open' Host Controller (OHCI) Driver
[    2.968545] ohci-pci: OHCI PCI platform driver
[    3.097388] ohci-platform: OHCI generic platform driver
[    3.216801] uhci_hcd: USB Universal Host Controller Interface driver
[    3.342745] i8042: PNP: PS/2 Controller [PNP0303:PS2K,PNP0f03:PS2M] at 0x60,0x64 irq 1,12
[    3.541428] serio: i8042 KBD port at 0x60,0x64 irq 1
[    3.613393] serio: i8042 AUX port at 0x60,0x64 irq 12
[    3.614536] mousedev: PS/2 mouse device common for all mice
[    3.615975] input: AT Translated Set 2 keyboard as /devices/platform/i8042/serio0/input/input2
[    3.618400] rtc_cmos rtc_cmos: rtc core: registered rtc_cmos as rtc0
[    3.627313] rtc_cmos rtc_cmos: alarms up to one day, 114 bytes nvram
[    3.629026] i2c /dev entries driver
[    3.629846] device-mapper: uevent: version 1.0.3
[    3.630946] device-mapper: ioctl: 4.37.0-ioctl (2017-09-20) initialised: dm-devel@redhat.com
[    3.632999] ledtrig-cpu: registered to indicate activity on CPUs
[    3.635217] NET: Registered protocol family 10
[    3.641004] Segment Routing with IPv6
[    3.642605] NET: Registered protocol family 17
[    3.655577] Key type dns_resolver registered
[    3.659846] RAS: Correctable Errors collector initialized.
[    3.663816] sched_clock: Marking stable (3663785151, 0)->(10322658768, -6658873617)
[    3.669620] registered taskstats version 1
[    3.671392] Loading compiled-in X.509 certificates
[    3.678201] Loaded X.509 cert 'Build time autogenerated kernel key: e343dd3e31c9820cf0adf0156bc2eecdcfc394af'
[    3.682187] zswap: loaded using pool lzo/zbud
[    3.690164] Key type big_key registered
[    3.691685] Key type trusted registered
[    3.695603] Key type encrypted registered
[    3.806378] AppArmor: AppArmor sha1 policy hashing enabled
[    3.807929] ima: No TPM chip found, activating TPM-bypass! (rc=-19)
[    3.809838] ima: Allocated hash algorithm: sha1
[    3.810845] evm: HMAC attrs: 0x1
[    3.811893]   Magic number: 15:545:867
[    3.813074] rtc_cmos rtc_cmos: setting system clock to 2019-08-25 03:52:29 UTC (1566705149)
[    3.815032] BIOS EDD facility v0.16 2004-Jun-25, 0 devices found
[    3.829858] EDD information not available.
[    3.835820] Freeing unused kernel image memory: 2424K
[    3.867394] Write protecting the kernel read-only data: 20480k
[    3.870552] Freeing unused kernel image memory: 2008K
[    3.873031] Freeing unused kernel image memory: 1864K
[    3.883226] x86/mm: Checked W+X mappings: passed, no W+X pages found.
[    3.898715] x86/mm: Checking user space page tables
[    3.904672] x86/mm: Checked W+X mappings: passed, no W+X pages found.
Loading, please wait...
starting version 237
[    3.999755] e1000: Intel(R) PRO/1000 Network Driver - version 7.3.21-k8-NAPI
[    4.001800] e1000: Copyright (c) 1999-2006 Intel Corporation.
[    4.006578] Fusion MPT base driver 3.04.20
[    4.007554] Copyright (c) 1999-2008 LSI Corporation
[    4.019370] Fusion MPT SPI Host driver 3.04.20
[    4.024772] AVX2 version of gcm_enc/dec engaged.
[    4.026205] AES CTR mode by8 optimization enabled
[    4.233952] input: ImExPS/2 Generic Explorer Mouse as /devices/platform/i8042/serio1/input/input4
[    4.420748] e1000 0000:00:03.0 eth0: (PCI:33MHz:32-bit) 02:26:45:5c:bc:af
[    5.472008] e1000 0000:00:03.0 eth0: Intel(R) PRO/1000 Network Connection
[    5.534930] mptbase: ioc0: Initiating bringup
[    5.957197] ioc0: LSI53C1030 A0: Capabilities={Initiator}
[    7.447759] scsi host2: ioc0: LSI53C1030 A0, FwRev=00000000h, Ports=1, MaxQ=256, IRQ=20
[    8.197436] scsi 2:0:0:0: Direct-Access     VBOX     HARDDISK         1.0  PQ: 0 ANSI: 5
[    8.521277] scsi target2:0:0: Beginning Domain Validation
[    8.523873] scsi target2:0:0: Domain Validation skipping write tests
[    8.526074] scsi target2:0:0: Ending Domain Validation
[    8.527767] scsi target2:0:0: asynchronous
[    8.529532] scsi 2:0:1:0: Direct-Access     VBOX     HARDDISK         1.0  PQ: 0 ANSI: 5
[    8.865340] scsi target2:0:1: Beginning Domain Validation
[    8.893153] e1000 0000:00:08.0 eth1: (PCI:33MHz:32-bit) 08:00:27:70:8a:d1
[    8.897358] random: fast init done
[    8.905212] e1000 0000:00:08.0 eth1: Intel(R) PRO/1000 Network Connection
[    8.906678] scsi target2:0:1: Domain Validation skipping write tests
[    8.907966] random: systemd-udevd: uninitialized urandom read (16 bytes read)
[    8.909240] scsi target2:0:1: Ending Domain Validation
[    8.909325] scsi target2:0:1: asynchronous
[    8.911150] random: systemd-udevd: uninitialized urandom read (16 bytes read)
[    8.917460] sd 2:0:0:0: Attached scsi generic sg0 type 0
[    8.921361] sd 2:0:0:0: [sda] 20971520 512-byte logical blocks: (10.7 GB/10.0 GiB)
[    8.921397] random: systemd-udevd: uninitialized urandom read (16 bytes read)
[    8.924740] sd 2:0:1:0: Attached scsi generic sg1 type 0
[    8.926004] e1000 0000:00:08.0 enp0s8: renamed from eth1
[    8.926849] sd 2:0:0:0: [sda] Write Protect is off
[    8.929616] sd 2:0:0:0: [sda] Incomplete mode parameter data
[    8.931175] sd 2:0:0:0: [sda] Assuming drive cache: write through
[    8.932833] sd 2:0:1:0: [sdb] 20480 512-byte logical blocks: (10.5 MB/10.0 MiB)
[    8.935395] sd 2:0:1:0: [sdb] Write Protect is off
[    8.936908] sd 2:0:1:0: [sdb] Incomplete mode parameter data
[    8.937538] e1000 0000:00:03.0 enp0s3: renamed from eth0
[    8.938437] sd 2:0:1:0: [sdb] Assuming drive cache: write through
[    8.956197]  sda: sda1
[    8.958439] sd 2:0:1:0: [sdb] Attached SCSI disk
[    9.009661] sd 2:0:0:0: [sda] Attached SCSI disk
Begin: Loading essential drivers ... [   10.444208] raid6: sse2x1   gen() 12405 MB/s
[   10.528151] raid6: sse2x1   xor()  8901 MB/s
[   10.600171] raid6: sse2x2   gen() 15112 MB/s
[   10.668258] raid6: sse2x2   xor()  9294 MB/s
[   10.764234] raid6: sse2x4   gen() 17653 MB/s
[   10.840232] raid6: sse2x4   xor() 10983 MB/s
[   10.912582] raid6: avx2x1   gen() 25204 MB/s
[   10.976218] raid6: avx2x1   xor() 17209 MB/s
[   11.028022] raid6: avx2x2   gen() 29805 MB/s
[   11.104398] raid6: avx2x2   xor() 18607 MB/s
[   11.180364] raid6: avx2x4   gen() 34292 MB/s
[   11.232240] raid6: avx2x4   xor() 20950 MB/s
[   11.262253] raid6: using algorithm avx2x4 gen() 34292 MB/s
[   11.269270] raid6: .... xor() 20950 MB/s, rmw enabled
[   11.270631] raid6: using avx2x2 recovery algorithm
[   11.273289] xor: automatically using best checksumming function   avx       
[   11.276965] async_tx: api initialized (async)
done.
Begin: Running /scripts/init-premount ... done.
Begin: Mounting root file system ... Begin: Running /scripts/local-top ... done.
Begin: Running /scripts/local-premount ... [   11.348182] Btrfs loaded, crc32c=crc32c-intel
Scanning for Btrfs filesystems
done.
Warning: fsck not present, so skipping root file system
[   11.429032] EXT4-fs (sda1): mounted filesystem with ordered data mode. Opts: (null)
done.
Begin: Running /scripts/local-bottom ... done.
Begin: Running /scripts/init-bottom ... done.
[   12.239085] ip_tables: (C) 2000-2006 Netfilter Core Team
[   12.376855] systemd[1]: systemd 237 running in system mode. (+PAM +AUDIT +SELINUX +IMA +APPARMOR +SMACK +SYSVINIT +UTMP +LIBCRYPTSETUP +GCRYPT +GNUTLS +ACL +XZ +LZ4 +SECCOMP +BLKID +ELFUTILS +KMOD -IDN2 +IDN -PCRE2 default-hierarchy=hybrid)
[   12.382268] systemd[1]: Detected virtualization oracle.
[   12.383417] systemd[1]: Detected architecture x86-64.

Welcome to [1mUbuntu 18.04.2 LTS[0m!

[   12.392834] systemd[1]: Set hostname to <ubuntu-bionic>.
[   12.777755] systemd[1]: Reached target Swap.
[[0;32m  OK  [0m] Reached target Swap.
[   12.780171] systemd[1]: Started Forward Password Requests to Wall Directory Watch.
[[0;32m  OK  [0m] Started Forward Password Requests to Wall Directory Watch.
[   12.784435] systemd[1]: Reached target System Time Synchronized.
[[0;32m  OK  [0m] Reached target System Time Synchronized.
[   12.813157] systemd[1]: Reached target User and Group Name Lookups.
[[0;32m  OK  [0m] Reached target User and Group Name Lookups.
[   12.842091] systemd[1]: Created slice User and Session Slice.
[[0;32m  OK  [0m] Created slice User and Session Slice.
[   12.846302] systemd[1]: Set up automount Arbitrary Executable File Formats File System Automount Point.
[[0;32m  OK  [0m] Set up automount Arbitrary Executabâ€¦rmats File System Automount Point.
[[0;32m  OK  [0m] Created slice System Slice.
[[0;32m  OK  [0m] Listening on Network Service Netlink Socket.
[[0;32m  OK  [0m] [   12.856678] random: crng init done
[   12.857566] random: 7 urandom warning(s) missed due to ratelimiting
Reached target Slices.
[[0;32m  OK  [0m] Listening on Device-mapper event daemon FIFOs.
[[0;32m  OK  [0m] Listening on udev Control Socket.
[[0;32m  OK  [0m] Listening on LVM2 metadata daemon socket.
[[0;32m  OK  [0m] Listening on /dev/initctl Compatibility Named Pipe.
[[0;32m  OK  [0m] Listening on Journal Socket (/dev/log).
[[0;32m  OK  [0m] Listening on udev Kernel Socket.
[[0;32m  OK  [0m] Listening on Syslog Socket.
[[0;32m  OK  [0m] Listening on LVM2 poll daemon socket.
[[0;32m  OK  [0m] Listening on Journal Audit Socket.
[[0;32m  OK  [0m] Listening on Journal Socket.
         Starting Load Kernel Modules...
         Mounting Huge Pages File System...
         Mounting Kernel Debug File System...
         Starting udev Coldplug all Devices...
         Starting Remount Root and Kernel File Systems...
         Mounting POSIX M[   12.929841] Loading iSCSI transport class v2.0-870.
essage Queue File System...
         Starting Uncomplicated firewall...
[   12.977771] iscsi: registered transport (tcp)
         Starting Monitoring of LVM2 mirrorsâ€¦ng dmeventd or progress polling...
[   12.991957] EXT4-fs (sda1): re-mounted. Opts: (null)
[[0;32m  OK  [0m] Created slice system-serial\x2dgetty.slice.
         Starting Set the[   13.175240] iscsi: registered transport (iser)
 console keyboard layout...
         Starting Journal Service...
         Starting Create list of required stâ€¦ce nodes for the current kernel...
[[0;32m  OK  [0m] Started Load Kernel Modules.
[[0;32m  OK  [0m] Mounted Huge Pages File System.
[[0;32m  OK  [0m] Mounted Kernel Debug File System.
[[0;32m  OK  [0m] Started Remount Root and Kernel File Systems.
[[0;32m  OK  [0m] Started Journal Service.
[[0;32m  OK  [0m] Mounted POSIX Message Queue File System.
[[0;32m  OK  [0m] Started Uncomplicated firewall.
[[0;32m  OK  [0m] Started Create list of required staâ€¦vice nodes for the current kernel.
[[0;32m  OK  [0m] Started udev Coldplug all Devices.
[[0;32m  OK  [0m] Started LVM2 metadata daemon.
         Starting Create Static Device Nodes in /dev...
         Starting Load/Save Random Seed...
         Starting Flush Journal to Persistent Storage...
         Mounting Kernel Configuration File System...
         Starting Apply Kernel Variables...
         Mounting FUSE Control File System...
[[0;32m  OK  [0m] Started Monitoring of LVM2 mirrors,â€¦sing dmeventd or progress polling.
[[0;32m  OK  [0m] Started Set the console keyboard layout.
[[0;32m  OK  [0m] Started Create Static Device Nodes in /dev.
[[0;32m  OK  [0m] Started Load/Save Random Seed.
[[0;32m  OK  [0m] Mounted Kernel Configuration File System.
[[0;32m  OK  [0m] Started Apply Kernel Variables.
[[0;32m  OK  [0m] Mounted FUSE Control File System.
         Starting udev Kernel Device Manager...
[[0;32m  OK  [0m] Reached target Local File Systems (Pre).
[[0;32m  OK  [0m] Reached target Local File Systems.
         Starting AppArmor initialization...
         Starting Set console font and keymap...
         Starting Tell Plymouth To Write Out Runtime Data...
         Starting ebtables ruleset management...
[[0;32m  OK  [0m] Started udev Kernel Device Manager.
[[0;32m  OK  [0m] Started Set console font and keymap.
[[0;32m  OK  [0m] Started Dispatch Password Requests to Console Directory Watch.
[[0;32m  OK  [0m] Reached target Local Encrypted Volumes.
[[0;32m  OK  [0m] Started Tell Plymouth To Write Out Runtime Data.
[[0;32m  OK  [0m] Found device /dev/ttyS0.
[[0;32m  OK  [0m] Started ebtables ruleset management.
[[0;32m  OK  [0m] Listening on Load/Save RF Kill Switch Status /dev/rfkill Watch.
[[0;32m  OK  [0m] Started Flush Journal to Persistent Storage.
         Starting Create Volatile Files and Directories...
[[0;32m  OK  [0m] Started Create Volatile Files and Directories.
         Starting Update UTMP about System Boot/Shutdown...
[[0;32m  OK  [0m] Started Update UTMP about System Boot/Shutdown.
[[0;32m  OK  [0m] Started AppArmor initialization.
         Starting Initial cloud-init job (pre-networking)...
[   15.963573] cloud-init[553]: Cloud-init v. 19.1-1-gbaa47854-0ubuntu1~18.04.1 running 'init-local' at Sun, 25 Aug 2019 03:52:41 +0000. Up 15.72 seconds.
[[0;32m  OK  [0m] Started Initial cloud-init job (pre-networking).
[[0;32m  OK  [0m] Reached target Network (Pre).
         Starting Network Service...
[[0;32m  OK  [0m] Started Network Service.
         Starting Network Name Resolution...
         Starting Wait for Network to be Configured...
[[0;32m  OK  [0m] Started Network Name Resolution.
[[0;32m  OK  [0m] Reached target Network.
[[0;32m  OK  [0m] Reached target Host and Network Name Lookups.
[[0;32m  OK  [0m] Started Wait for Network to be Configured.
         Starting Initial cloud-init job (metadata service crawler)...
[   18.394967] cloud-init[703]: Cloud-init v. 19.1-1-gbaa47854-0ubuntu1~18.04.1 running 'init' at Sun, 25 Aug 2019 03:52:43 +0000. Up 18.27 seconds.
[   18.454561] cloud-init[703]: ci-info: ++++++++++++++++++++++++++++++++++++++Net device info+++++++++++++++++++++++++++++++++++++++
[   18.479002] cloud-init[703]: ci-info: +--------+------+-----------------------------+---------------+--------+-------------------+
[   18.545281] cloud-init[703]: ci-info: | Device |  Up  |           Address           |      Mask     | Scope  |     Hw-Address    |
[[0;32m  OK  [0m] Started Initial cloud-init job (metadata service crawler).
[   18.639450] [[0;32m  OK  [0m] Reached target System Initialization.
cloud-init[703]: ci-info: +--------+------+-----------------------------+---------------+--------+-------------------+
[[0;32m  OK  [0m] Started Message of the Day.
[   18.752269] cloud-init[703]: ci-info: | enp0s3 | True |          10.0.2.15          | 255.255.255.0 | global | 02:26:45:5c:bc:af |
[   18.857493]          Starting LXD - unix socket.
[[0;32m  OK  [0m] Listening on UUID daemon activation socket.
         Starting Socket activation for snappy daemon.
[[0;32m  OK  [0m] Started Daily apt download activities.
[[0;32m  OK  [0m] Started Daily apt upgrade and clean activities.
[[0;32m  OK  [0m] Started Discard unused blocks once a week.
[[0;32m  OK  [0m] Listening on ACPID Listen Socket.
[[0;32m  OK  [0m] Listening on D-Bus System Message Bus Socket.
cloud-init[703]: ci-info: | enp0s3 | True |  fe80::26:45ff:fe5c:bcaf/64 |       .       |  link  | 02:26:45:5c:bc:af |
[[0;32m  OK  [0m] Started ACPI Events Check.
[   18.864460] [[0;32m  OK  [0m] Listening on Open-iSCSI iscsid Socket.
[[0;32m  OK  [0m] Reached target Paths.
[[0;32m  OK  [0m] Started Daily Cleanup of Temporary Directories.
[[0;32m  OK  [0m] Reached target Timers.
[[0;32m  OK  [0m] Reached target Network is Online.
cloud-init[703]: ci-info: | enp0s8 | True |        192.168.33.10        | 255.255.255.0 | global | 08:00:27:70:8a:d1 |
         Starting Availability of block devices...
[[0;32m  OK  [0m] Reached target Remote File Systems (Pre).
[[0;32m  OK  [0m] Reached target Remote File Systems.
[   19.020909] cloud-init[703]: ci-info: | enp0s8 | True | fe80::a00:27ff:fe70:8ad1/64 |       .       |  link  | 08:00:27:70:8a:d1 |
[[0;32m  OK  [0m] Reached target Cloud-config availability.
[   19.095814] [[0;32m  OK  [0m] Listening on LXD - unix socket.
cloud-init[703]: ci-info: |   lo   | True |          127.0.0.1          |   255.0.0.0   |  host  |         .         |
[[0;32m  OK  [0m] Listening on Socket activation for snappy daemon.
[   19.114099] [[0;32m  OK  [0m] Started Availability of block devices.
[[0;32m  OK  [0m] Reached target Sockets.
cloud-init[703]: ci-info: |   lo   | True |           ::1/128           |       .       |  host  |         .         |
[[0;32m  OK  [0m] Reached target Basic System.
[   19.135865] cloud-init         Starting Permit User Sessions...
[[0;32m  OK  [0m] Started FUSE filesystem for LXC.
         Starting Accounts Service...
[[0;32m  OK  [0m] Started D-Bus System Message Bus.
[703]: ci-info: +--------+------+-----------------------------+---------------+--------+-------------------+
[   19.184416] cloud-init[703]: ci-info: +++++++++++++++++++++++++++++Route IPv4 info+++++++++++++++++++++++++++++
[   19.206494] cloud-init[703]: ci-info: +-------+--------------+----------+-----------------+-----------+-------+
[   19.220540] cloud-init[703]: ci-info: | Route | Destination  | Gateway  |     Genmask     | Interface | Flags |
[   19.225094] cloud-init[703]: ci-info: +-------+--------------+----------+-----------------+-----------+-------+
[   19.244524] cloud-init[703]: ci-info: |   0   |   0.0.0.0    | 10.0.2.2 |     0.0.0.0     |   enp0s3  |   UG  |
         Starting LSB: automatic crash report generation...
[   19.308462] cloud-init[703]: ci-info: |   1   |   10.0.2.0   | 0.0.0.0  |  255.255.255.0  |   enp0s3  |   U   |
[   19.337153] cloud-init[703]: ci-info: |   2   |   10.0.2.2   | 0.0.0.0  | 255.255.255.255 |   enp0s3  |   UH  |
[[0;32m  OK  [0m] Started Regular background program processing daemon.
[   19.339494] cloud-init[703]: ci-info: |   3   | 192.168.33.0 | 0.0.0.0  |  255.255.255.0  |   enp0s8  |   U   |         Starting Snappy daemon...
         Starting vboxadd.service...

[   19.367889] cloud-init[703]:          Starting LSB: Record successful boot for GRUB...
ci-info: +-------+--------------+----------+-----------------+-----------+-------+
[   19.385617] cloud-init[703]: ci-info: +++++++++++++++++++Route IPv6 info+++++++++++++++++++
[   19.390173] cloud-init[703]: ci-info: +-------+-------------+---------+-----------+-------+
[   19.398841] cloud-init[703]: ci-info: | Route | Destination | Gateway | Interface | Flags |
[   19.406217] cloud-init[703]: ci-info: +-------+-------------+---------+-----------+-------+
[   19.412679] cloud-init[703]: ci-info: |   1   |  fe80::/64  |    ::   |   enp0s8  |   U   |
[   19.418846] cloud-init[703]: ci-info: |   2   |  fe80::/64  |    ::   |   enp0s3  |   U   |
[   19.425009] cloud-init[703]: ci-info: |   4   |    local    |    ::   |   enp0s3  |   U   |
[   19.430565] cloud-init[703]: ci-info: |   5   |    local    |    ::   |   enp0s8  |   U   |
[   19.435573] cloud-init[703]: ci-info: |   6   |   ff00::/8  |    ::   |   enp0s8  |   U   |
[   19.440139] cloud-init[703]: ci-info: |   7   |   ff00::/8  |    ::   |   enp0s3  |   U   |
[   19.447763] cloud-init[703]: ci-info: +-------+-------------+---------+-----------+-------+
[[0;32m  OK  [0m] Started irqbalance daemon.
         Starting System Logging Service...
[[0;32m  OK  [0m] Started Deferred execution scheduler.
         Starting Dispatcher daemon for systemd-networkd...
         Starting Login Service...
         Starting OpenBSD Secure Shell server...
         Starting LXD - container startup/shutdown...
[[0;32m  OK  [0m] Started System Logging Service.
[[0;32m  OK  [0m] Started Permit User Sessions.
[[0;32m  OK  [0m] Started Login Service.
[[0;32m  OK  [0m] Started Unattended Upgrades Shutdown.
         Starting Authorization Manager...
         Starting Terminate Plymouth Boot Screen...
         Starting Hold until boot process finishes up...
[[0;32m  OK  [0m] Started Hold until boot process finishes up.
[[0;32m  OK  [0m] Started OpenBSD Secure Shell server.
[[0;32m  OK  [0m] Started Terminate Plymouth Boot Screen.
[[0;32m  OK  [0m] Started Serial Getty on ttyS0.
         Starting Set console scheme...
[[0;32m  OK  [0m] Started Authorization Manager.
[[0;32m  OK  [0m] Started Accounts Service.
[[0;32m  OK  [0m] Started LSB: automatic crash report generation.
[[0;32m  OK  [0m] Started Set console scheme.
[[0;32m  OK  [0m] Created slice system-getty.slice.
[[0;32m  OK  [0m] Started Getty on tty1.
[[0;32m  OK  [0m] Reached target Login Prompts.
[[0;32m  OK  [0m] Started Snappy daemon.
         Starting Wait until snapd is fully seeded...
[[0;32m  OK  [0m] Started LSB: Record successful boot for GRUB.
[[0;32m  OK  [0m] Started Wait until snapd is fully seeded.
         Starting Apply the settings specified in cloud-config...
[[0;32m  OK  [0m] Created slice User Slice of vagrant.
         Starting User Manager for UID 1000...
[[0;32m  OK  [0m] Started Session 1 of user vagrant.
[[0;32m  OK  [0m] Started LXD - container startup/shutdown.
[[0;32m  OK  [0m] Started Dispatcher daemon for systemd-networkd.
[[0;32m  OK  [0m] Started vboxadd.service.
         Starting vboxadd-service.service...
[[0;32m  OK  [0m] Started User Manager for UID 1000.
[[0;32m  OK  [0m] Started vboxadd-service.service.
[[0;32m  OK  [0m] Reached target Multi-User System.
[[0;32m  OK  [0m] Reached target Graphical Interface.
         Starting Update UTMP about System Runlevel Changes...
[[0;32m  OK  [0m] Started Update UTMP about System Runlevel Changes.
[   20.813556] cloud-init[1071]: Cloud-init v. 19.1-1-gbaa47854-0ubuntu1~18.04.1 running 'modules:config' at Sun, 25 Aug 2019 03:52:46 +0000. Up 20.68 seconds.
[[0;32m  OK  [0m] Started Apply the settings specified in cloud-config.
         Starting Execute cloud user/final scripts...
[   21.320791] cloud-init[1220]: Cloud-init v. 19.1-1-gbaa47854-0ubuntu1~18.04.1 running 'modules:final' at Sun, 25 Aug 2019 03:52:46 +0000. Up 21.18 seconds.
[   21.341155] cloud-init[1220]: Cloud-init v. 19.1-1-gbaa47854-0ubuntu1~18.04.1 finished at Sun, 25 Aug 2019 03:52:46 +0000. Datasource DataSourceNoCloud [seed=/dev/sdb][dsmode=net].  Up 21.30 seconds
[[0;32m  OK  [0m] Started Execute cloud user/final scripts.
         Starting Daily apt download activities...
[[0;32m  OK  [0m] Reached target Cloud-init target.
[[0;32m  OK  [0m] Stopped Wait for Network to be Configured.
         Stopping Network Service...
         Starting Network Service...
[[0;32m  OK  [0m] Started Network Service.
         Stopping User Manager for UID 1000...
[[0;32m  OK  [0m] Stopped User Manager for UID 1000.
[[0;32m  OK  [0m] Removed slice User Slice of vagrant.

Ubuntu 18.04.2 LTS ubuntu-bionic ttyS0

ubuntu-bionic login: 